// Jest Snapshot v1, https://goo.gl/fbAQLP

exports[`PackageDetail.js should match the snapshot 1`] = `undefined`;
